[00:21:29] INFO - [Service] Starting trip planning for Manali
[00:21:31] INFO - [Service] Loaded preferences for user test_user_1
[00:21:31] INFO - [Service] Invoking travel planning graph for Manali
[00:21:31] INFO - [Supervisor] Executing in parallel: ['location', 'budget']
[00:21:31] INFO - [Supervisor] Executing Budget Agent
[00:21:31] INFO - [Budget Agent] Completed
[00:21:31] INFO - [Supervisor] Executing Location Agent
[00:21:32] INFO - [Location Agent] Completed
[00:21:32] INFO - [Supervisor] Executing in parallel: ['weather', 'search']
[00:21:32] INFO - [Supervisor] Executing Search Agent
[00:21:32] INFO - [Supervisor] Executing Weather Agent
[00:21:34] INFO - [Weather Agent] Completed
[00:21:34] INFO - [Search Agent] Completed
[00:21:34] INFO - [Supervisor] Executing in parallel: ['accommodation', 'restaurant', 'transportation']
[00:21:34] INFO - [Supervisor] Executing Accommodation Agent
[00:21:34] INFO - [Supervisor] Executing Restaurant Agent
[00:21:34] INFO - [Supervisor] Executing Transportation Agent
[00:21:35] INFO - [Accommodation Agent] Completed
[00:21:35] INFO - [Restaurant Agent] Completed
[00:21:35] INFO - [Transportation Agent] Completed
[00:21:35] INFO - [Supervisor] Executing packing Agent
[00:21:35] INFO - [Supervisor] Executing Packing Agent
[00:21:36] INFO - [Packing Agent] Completed
[00:21:36] INFO - [Supervisor] Executing itinerary Agent
[00:21:36] INFO - [Supervisor] Executing Itinerary Agent
[00:21:37] INFO - [Itinerary Agent] Completed
[00:21:37] INFO - [Service] Graph completed in 6.16s
[00:21:37] INFO - [Service] Saved destination to travel history for user test_user_1
[00:21:37] INFO - [Service] Trip planning completed for Manali
[00:21:59] INFO - [Service] Starting trip planning for Goa
[00:21:59] INFO - [Service] Loaded preferences for user test_user_2
[00:21:59] INFO - [Service] Invoking travel planning graph for Goa
[00:21:59] INFO - [Supervisor] Executing in parallel: ['location', 'budget']
[00:21:59] INFO - [Supervisor] Executing Budget Agent
[00:21:59] INFO - [Budget Agent] Completed
[00:21:59] INFO - [Supervisor] Executing Location Agent
[00:22:01] INFO - [Location Agent] Completed
[00:22:01] INFO - [Supervisor] Executing in parallel: ['weather', 'search']
[00:22:01] INFO - [Supervisor] Executing Search Agent
[00:22:01] INFO - [Supervisor] Executing Weather Agent
[00:22:03] INFO - [Weather Agent] Completed
[00:22:08] INFO - [Search Agent] Completed
[00:22:08] INFO - [Supervisor] Executing in parallel: ['accommodation', 'restaurant', 'transportation']
[00:22:08] INFO - [Supervisor] Executing Accommodation Agent
[00:22:08] INFO - [Supervisor] Executing Restaurant Agent
[00:22:08] INFO - [Supervisor] Executing Transportation Agent
[00:22:09] INFO - [Restaurant Agent] Completed
[00:22:09] INFO - [Transportation Agent] Completed
[00:22:09] INFO - [Accommodation Agent] Completed
[00:22:09] INFO - [Supervisor] Executing packing Agent
[00:22:09] INFO - [Supervisor] Executing Packing Agent
[00:22:10] INFO - [Packing Agent] Completed
[00:22:10] INFO - [Supervisor] Executing itinerary Agent
[00:22:10] INFO - [Supervisor] Executing Itinerary Agent
[00:22:12] INFO - [Itinerary Agent] Completed
[00:22:12] INFO - [Service] Graph completed in 12.84s
[00:22:12] INFO - [Service] Saved destination to travel history for user test_user_2
[00:22:12] INFO - [Service] Trip planning completed for Goa
[00:22:22] INFO - [Supervisor] Executing Budget Agent
[00:22:22] INFO - [Budget Agent] Completed
[00:22:46] INFO - [Supervisor] Executing in parallel: ['location', 'budget']
[00:22:46] INFO - [Supervisor] Executing Budget Agent
[00:22:46] INFO - [Supervisor] Executing Location Agent
[00:22:46] INFO - [Budget Agent] Completed
[00:22:47] INFO - [Location Agent] Completed
[00:22:47] INFO - [Supervisor] Executing in parallel: ['weather', 'search']
[00:22:47] INFO - [Supervisor] Executing Search Agent
[00:22:47] INFO - [Supervisor] Executing Weather Agent
[00:22:48] INFO - [Weather Agent] Completed
[00:22:48] INFO - [Search Agent] Completed
[00:22:48] INFO - [Supervisor] Executing in parallel: ['accommodation', 'restaurant', 'transportation']
[00:22:48] INFO - [Supervisor] Executing Accommodation Agent
[00:22:48] INFO - [Supervisor] Executing Restaurant Agent
[00:22:48] INFO - [Supervisor] Executing Transportation Agent
[00:22:49] INFO - [Restaurant Agent] Completed
[00:22:49] INFO - [Transportation Agent] Completed
[00:22:49] INFO - [Accommodation Agent] Completed
[00:22:49] INFO - [Supervisor] Executing packing Agent
[00:22:49] INFO - [Supervisor] Executing Packing Agent
[00:22:50] INFO - [Packing Agent] Completed
[00:22:50] INFO - [Supervisor] Executing itinerary Agent
[00:22:50] INFO - [Supervisor] Executing Itinerary Agent
[00:23:01] INFO - [Itinerary Agent] Completed
